<!doctype html>
<html>
<head>
 <link rel="stylesheet" href="style.min.css"/>
</head>
<body>
  <script src="app.min.js"></script>
</body>
</html>
