<!DOCTYPE html>
<html>
<head>
    <link rel="stylesheet" href="style.min.css"/>
</head>
<body>

<script src="app.min.js"></script>

Goodbye Livereload...

</body>
</html>